// Vitest Snapshot v1, https://vitest.dev/guide/snapshot.html

exports[`'(1) Empty JSX tags should also behaveâ€¦' > expectation 1`] = `
"//-----------------------------------------------------------------------------| printWidth=80 (in snapshot)
function Foo() {
  return (
    <>
      <div
        className="flex min-h-screen flex-col gap-8 px-5 py-8 sm:gap-16 sm:px-12
          sm:py-16 lg:gap-24 lg:px-20 lg:py-24"
      >
        content
      </div>
    </>
  );
}
"
`;
