// Vitest Snapshot v1, https://vitest.dev/guide/snapshot.html

exports[`'(1) If a template literal contains neâ€¦' > expectation 1`] = `
"//---------------------------------------------------------| printWidth=60 (in snapshot)
export function Foo() {
  return (
    <div
      className={clsx(
        "w-full items-center justify-center",
        {
          "nodrag cursor-text h-full overflow-hidden":
            isEditing,
          [\`line-clamp-\${lineClamp}\`]: !isEditing,
        },
      )}
    >
      Hello
    </div>
  );
}
"
`;
