// Vitest Snapshot v1, https://vitest.dev/guide/snapshot.html

exports[`'(1) If a template literal contains nested expressions, object keys must still be enclosed in square brackets.' > expectation 1`] = `
"//---------------------------------------------------------|
printWidth=60 (in snapshot)
<template>
  <div>
    <div
      :class="
        clsx('w-full items-center justify-center', {
          'nodrag cursor-text h-full overflow-hidden':
            isEditing,
          [\`line-clamp-\${lineClamp}\`]: !isEditing,
        })
      "
    >
      Hello
    </div>
  </div>
</template>
"
`;
